---
source: tests/snapshots.rs
input_file: tests/cases/err_duplicate_definition.rv
---
compile error:
[3007] Error: duplicate definition of twice
   ╭─[ tests/cases/err_duplicate_definition.rv:3:1 ]
   │
 3 │ func twice() {}
   │ ───────┬───────  
   │        ╰───────── original definition here
   │ 
 5 │ func twice() {}
   │ ───────┬───────  
   │        ╰───────── conflicting definition of same name here
───╯
