---
source: tests/snapshots.rs
input_file: tests/cases/err_guard_unknown_error.rv
---
compile error:
[1028] Error: unable to imply variant with the given information, or the expected type is not an enum
   ╭─[ tests/cases/err_guard_unknown_error.rv:7:26 ]
   │
 7 │     guard stock > 0 else ::Missing
   │                          ────┬────  
   │                              ╰────── this expression attempts to imply a variant of an enum, but the type is not an enum
   │ 
   │ Help: only variants of enums can be implied with the ::variant syntax
───╯
